> Task :app:preBuild UP-TO-DATE
> Task :app:preDebugBuild UP-TO-DATE
> Task :app:mergeDebugNativeDebugMetadata NO-SOURCE
> Task :app:javaPreCompileDebug UP-TO-DATE
> Task :app:checkDebugAarMetadata UP-TO-DATE
> Task :app:processDebugNavigationResources UP-TO-DATE
> Task :app:compileDebugNavigationResources UP-TO-DATE
> Task :app:generateDebugResValues UP-TO-DATE
> Task :app:processDebugGoogleServices UP-TO-DATE
> Task :app:mapDebugSourceSetPaths UP-TO-DATE
> Task :app:generateDebugResources UP-TO-DATE

> Task :app:mergeDebugResources FAILED
./gradlew : ERROR: [string/app_name] C:\Users\kr
ish\AndroidStudioProjects\CULTIVATION\app\src\ma
in\res\values\arrays.xml [string/app_name] C:\Us
ers\krish\AndroidStudioProjects\CULTIVATION\app\
src\main\res\values\strings.xml: Resource and 
asset merger: Duplicate resources
At line:1 char:1
+ ./gradlew assembleDebug > build_output.txt 
2>&1
+ 
~~~~~~~~~~~~~~~~~~~~~~~~~~~~~~~~~~~~~~~~~~~~~~~
    + CategoryInfo          : NotSpecified: (ER 
   ROR: [string/...icate resources:String) [],  
   RemoteException
    + FullyQualifiedErrorId : NativeCommandErro 
   r
 
ERROR: [string/title_home] C:\Users\krish\Androi
dStudioProjects\CULTIVATION\app\src\main\res\val
ues\arrays.xml [string/title_home] C:\Users\kris
h\AndroidStudioProjects\CULTIVATION\app\src\main
\res\values\strings.xml: Resource and asset 
merger: Duplicate resources
ERROR: [string/title_dashboard] C:\Users\krish\A
ndroidStudioProjects\CULTIVATION\app\src\main\re
s\values\arrays.xml [string/title_dashboard] C:\
Users\krish\AndroidStudioProjects\CULTIVATION\ap
p\src\main\res\values\strings.xml: Resource and 
asset merger: Duplicate resources

FAILURE: Build failed with an exception.

* What went wrong:
Execution failed for task 
':app:mergeDebugResources'.
> [string/app_name] C:\Users\krish\AndroidStudio
Projects\CULTIVATION\app\src\main\res\values\arr
ays.xml	[string/app_name] C:\Users\krish\Android
StudioProjects\CULTIVATION\app\src\main\res\valu
es\strings.xml: Error: Duplicate resources
  [string/title_home] C:\Users\krish\AndroidStud
ioProjects\CULTIVATION\app\src\main\res\values\a
rrays.xml	[string/title_home] C:\Users\krish\And
roidStudioProjects\CULTIVATION\app\src\main\res\
values\strings.xml: Error: Duplicate resources
  [string/title_dashboard] C:\Users\krish\Androi
dStudioProjects\CULTIVATION\app\src\main\res\val
ues\arrays.xml	[string/title_dashboard] C:\Users
\krish\AndroidStudioProjects\CULTIVATION\app\src
\main\res\values\strings.xml: Error: Duplicate 
resources

* Try:
> Run with --stacktrace option to get the stack 
trace.
> Run with --info or --debug option to get more 
log output.
> Run with --scan to get full insights.
> Get more help at https://help.gradle.org.

BUILD FAILED in 3s
9 actionable tasks: 1 executed, 8 up-to-date
